2026-08-04 15:18:10,960 [INFO] 1979: raw daily-sum file already present, skipping download
2026-08-04 15:18:14,237 [INFO] 1979 Jan 1: weekly total computed
2026-08-04 15:18:15,176 [INFO] 1979 Jan 8: weekly total computed
2026-08-04 15:18:16,195 [INFO] 1979 Jan 15: weekly total computed
2026-08-04 15:18:17,137 [INFO] 1979 Jan 22: weekly total computed
2026-08-04 15:18:18,131 [INFO] 1979 Feb 1: weekly total computed
2026-08-04 15:18:19,046 [INFO] 1979 Feb 8: weekly total computed
2026-08-04 15:18:20,010 [INFO] 1979 Feb 15: weekly total computed
2026-08-04 15:18:21,008 [INFO] 1979 Feb 22: weekly total computed
2026-08-04 15:18:21,968 [INFO] 1979 Mar 1: weekly total computed
2026-08-04 15:18:22,900 [INFO] 1979 Mar 8: weekly total computed
2026-08-04 15:18:25,305 [INFO] 1979 Mar 15: weekly total computed
2026-08-04 15:18:26,314 [INFO] 1979 Mar 22: weekly total computed
2026-08-04 15:18:27,296 [INFO] 1979 Apr 1: weekly total computed
2026-08-04 15:18:28,227 [INFO] 1979 Apr 8: weekly total computed
2026-08-04 15:18:29,227 [INFO] 1979 Apr 15: weekly total computed
2026-08-04 15:18:30,160 [INFO] 1979 Apr 22: weekly total computed
2026-08-04 15:18:31,162 [INFO] 1979 May 1: weekly total computed
2026-08-04 15:18:32,109 [INFO] 1979 May 8: weekly total computed
2026-08-04 15:18:33,084 [INFO] 1979 May 15: weekly total computed
2026-08-04 15:18:36,414 [INFO] 1979 May 22: weekly total computed
2026-08-04 15:18:37,431 [INFO] 1979 Jun 1: weekly total computed
2026-08-04 15:18:38,380 [INFO] 1979 Jun 8: weekly total computed
2026-08-04 15:18:39,362 [INFO] 1979 Jun 15: weekly total computed
2026-08-04 15:18:40,295 [INFO] 1979 Jun 22: weekly total computed
2026-08-04 15:18:41,383 [INFO] 1979 Jul 1: weekly total computed
2026-08-04 15:18:42,332 [INFO] 1979 Jul 8: weekly total computed
2026-08-04 15:18:43,294 [INFO] 1979 Jul 15: weekly total computed
2026-08-04 15:18:44,247 [INFO] 1979 Jul 22: weekly total computed
2026-08-04 15:18:45,267 [INFO] 1979 Aug 1: weekly total computed
2026-08-04 15:18:47,847 [INFO] 1979 Aug 8: weekly total computed
2026-08-04 15:18:48,794 [INFO] 1979 Aug 15: weekly total computed
2026-08-04 15:18:49,784 [INFO] 1979 Aug 22: weekly total computed
2026-08-04 15:18:50,748 [INFO] 1979 Sep 1: weekly total computed
2026-08-04 15:18:51,804 [INFO] 1979 Sep 8: weekly total computed
2026-08-04 15:18:52,779 [INFO] 1979 Sep 15: weekly total computed
2026-08-04 15:18:53,814 [INFO] 1979 Sep 22: weekly total computed
2026-08-04 15:18:54,752 [INFO] 1979 Oct 1: weekly total computed
2026-08-04 15:18:55,720 [INFO] 1979 Oct 8: weekly total computed
HDF5-DIAG: Error detected in HDF5 (1.14.6) thread 1:
  #000: H5D.c line 1044 in H5Dread(): can't synchronously read data
    major: Dataset
    minor: Read failed
  #001: H5D.c line 992 in H5D__read_api_common(): can't read data
    major: Dataset
    minor: Read failed
  #002: H5VLcallback.c line 2078 in H5VL_dataset_read(): dataset read failed
    major: Virtual Object Layer
    minor: Read failed
  #003: H5VLcallback.c line 2034 in H5VL__dataset_read(): dataset read failed
    major: Virtual Object Layer
    minor: Read failed
  #004: H5VLnative_dataset.c line 374 in H5VL__native_dataset_read(): can't read data
    major: Dataset
    minor: Read failed
  #005: H5Dio.c line 402 in H5D__read(): can't read data
    major: Dataset
    minor: Read failed
  #006: H5Dchunk.c line 2913 in H5D__chunk_read(): unable to read raw data chunk
    major: Low-level I/O
    minor: Read failed
  #007: H5Dchunk.c line 4542 in H5D__chunk_lock(): data pipeline read failed
    major: Dataset
    minor: Filter operation failed
  #008: H5Z.c line 1450 in H5Z_pipeline(): filter returned failure during read
    major: Data filters
    minor: Read failed
2026-08-04 15:18:58,495 [ERROR] 1979: failed after retries -- NetCDF: HDF error
2026-08-04 15:18:58,496 [INFO] 1980: submitting CDS request (attempt 1)
2026-08-04 15:19:00,245 INFO Request ID is 7970174c-abe6-4449-8573-3b64516a6dd7
2026-08-04 15:19:00,245 [INFO] Request ID is 7970174c-abe6-4449-8573-3b64516a6dd7
2026-08-04 15:19:00,454 INFO status has been updated to accepted
2026-08-04 15:19:00,454 [INFO] status has been updated to accepted
